ioo here